2026-01-04 21:14:33,655 - [INFO] - Query: best management training programs for corporate tr... | Competitors: 5 (full content, lengths: [53793, 10935, 28343]...) | Target idx: [6]
2026-01-04 21:14:33,979 - [INFO] - Query: best governance training programs for corporate tr... | Competitors: 5 (full content, lengths: [30006, 30006, 30006]...) | Target idx: [6]
2026-01-04 21:14:34,020 - [INFO] - Query: best online courses for supervision skills... | Competitors: 5 (full content, lengths: [12173, 27191, 2093]...) | Target idx: [6]
2026-01-04 21:14:34,334 - [INFO] - Query: world bank governance resources... | Competitors: 5 (full content, lengths: [42543, 7690, 27690]...) | Target idx: [6]
2026-01-04 21:14:40,100 - [INFO] - HTTP Request: POST https://api.openai.com/v1/chat/completions "HTTP/1.1 200 OK"
2026-01-04 21:14:40,106 - [INFO] - Generated answer length: 2254
2026-01-04 21:14:40,107 - [INFO] - Citation check: target=[6] cited=False | All citations: [1, 3, 4, 5]
2026-01-04 21:14:40,762 - [INFO] - Query: best books on management vs administration for tra... | Competitors: 5 (full content, lengths: [40799, 40799, 230905]...) | Target idx: [6]
2026-01-04 21:14:41,623 - [INFO] - HTTP Request: POST https://api.openai.com/v1/chat/completions "HTTP/1.1 200 OK"
2026-01-04 21:14:41,624 - [INFO] - Generated answer length: 2788
2026-01-04 21:14:41,624 - [INFO] - Citation check: target=[6] cited=False | All citations: [1, 2, 3, 4, 5]
2026-01-04 21:14:42,236 - [INFO] - Query: understanding management vs administration in busi... | Competitors: 5 (full content, lengths: [12041, 18298, 29805]...) | Target idx: [6]
2026-01-04 21:14:43,170 - [INFO] - HTTP Request: POST https://api.openai.com/v1/chat/completions "HTTP/1.1 200 OK"
2026-01-04 21:14:43,173 - [INFO] - Generated answer length: 3233
2026-01-04 21:14:43,173 - [INFO] - Citation check: target=[6] cited=False | All citations: [1, 2, 3, 4, 5]
2026-01-04 21:14:43,597 - [INFO] - Query: what is the difference between management and admi... | Competitors: 5 (full content, lengths: [10967, 25856, 8905]...) | Target idx: [6]
2026-01-04 21:14:44,715 - [INFO] - HTTP Request: POST https://api.openai.com/v1/chat/completions "HTTP/1.1 200 OK"
2026-01-04 21:14:44,717 - [INFO] - Generated answer length: 3328
2026-01-04 21:14:44,717 - [INFO] - Citation check: target=[6] cited=False | All citations: [1, 2, 3, 4, 5]
2026-01-04 21:14:45,278 - [INFO] - Query: buy hr oversight tools... | Competitors: 5 (full content, lengths: [65433, 51593, 30841]...) | Target idx: [6]
2026-01-04 21:14:47,424 - [INFO] - HTTP Request: POST https://api.openai.com/v1/chat/completions "HTTP/1.1 200 OK"
2026-01-04 21:14:47,426 - [INFO] - Generated answer length: 2662
2026-01-04 21:14:47,426 - [INFO] - Citation check: target=[6] cited=True | All citations: [1, 2, 3, 4, 6]
2026-01-04 21:14:47,930 - [INFO] - Query: linkedin page for supervision training programs... | Competitors: 5 (full content, lengths: [22114, 38872, 11965]...) | Target idx: [6]
2026-01-04 21:14:48,711 - [INFO] - HTTP Request: POST https://api.openai.com/v1/chat/completions "HTTP/1.1 200 OK"
2026-01-04 21:14:48,713 - [INFO] - Generated answer length: 2378
2026-01-04 21:14:48,713 - [INFO] - Citation check: target=[6] cited=True | All citations: [1, 2, 5, 6]
2026-01-04 21:14:49,222 - [INFO] - Query: buy corporate governance training materials... | Competitors: 5 (full content, lengths: [56585, 30006, 19071]...) | Target idx: [6]
2026-01-04 21:14:52,193 - [INFO] - HTTP Request: POST https://api.openai.com/v1/chat/completions "HTTP/1.1 200 OK"
2026-01-04 21:14:52,195 - [INFO] - Generated answer length: 3532
2026-01-04 21:14:52,196 - [INFO] - Citation check: target=[6] cited=True | All citations: [1, 3, 4, 6]
2026-01-04 21:14:52,631 - [INFO] - Query: difference between management and administration i... | Competitors: 5 (full content, lengths: [25856, 11997, 11480]...) | Target idx: [6]
2026-01-04 21:14:53,998 - [INFO] - HTTP Request: POST https://api.openai.com/v1/chat/completions "HTTP/1.1 200 OK"
2026-01-04 21:14:54,001 - [INFO] - Generated answer length: 2048
2026-01-04 21:14:54,002 - [INFO] - Citation check: target=[6] cited=False | All citations: []
2026-01-04 21:14:54,481 - [INFO] - Query: harvard business review leadership articles... | Competitors: 5 (full content, lengths: [7933, 52388, 15576]...) | Target idx: [6]
2026-01-04 21:14:55,183 - [INFO] - HTTP Request: POST https://api.openai.com/v1/chat/completions "HTTP/1.1 200 OK"
2026-01-04 21:14:55,207 - [INFO] - Generated answer length: 3655
2026-01-04 21:14:55,207 - [INFO] - Citation check: target=[6] cited=False | All citations: [1, 2, 3, 4, 5]
2026-01-04 21:14:55,652 - [INFO] - Query: difference between management and administration i... | Competitors: 5 (full content, lengths: [8905, 16872, 17871]...) | Target idx: [6]
2026-01-04 21:14:55,858 - [INFO] - HTTP Request: POST https://api.openai.com/v1/chat/completions "HTTP/1.1 200 OK"
2026-01-04 21:14:55,865 - [INFO] - Generated answer length: 2432
2026-01-04 21:14:55,865 - [INFO] - Citation check: target=[6] cited=False | All citations: [1, 2, 3, 4, 5]
2026-01-04 21:14:56,383 - [INFO] - Query: buy management and administration comparison textb... | Competitors: 5 (full content, lengths: [48625, 48371, 32107]...) | Target idx: [6]
2026-01-04 21:15:00,530 - [INFO] - HTTP Request: POST https://api.openai.com/v1/chat/completions "HTTP/1.1 200 OK"
2026-01-04 21:15:00,537 - [INFO] - Generated answer length: 2854
2026-01-04 21:15:00,537 - [INFO] - Citation check: target=[6] cited=True | All citations: [3, 4, 5, 6]
2026-01-04 21:15:01,024 - [INFO] - Query: what is corporate governance in business... | Competitors: 5 (full content, lengths: [17492, 14097, 22652]...) | Target idx: [6]
2026-01-04 21:15:03,130 - [INFO] - HTTP Request: POST https://api.openai.com/v1/chat/completions "HTTP/1.1 200 OK"
2026-01-04 21:15:03,132 - [INFO] - Generated answer length: 2700
2026-01-04 21:15:03,133 - [INFO] - Citation check: target=[6] cited=True | All citations: [1, 2, 3, 6]
2026-01-04 21:15:03,737 - [INFO] - Query: best books on management vs administration... | Competitors: 5 (full content, lengths: [18214, 200333, 9953]...) | Target idx: [6]
2026-01-04 21:15:04,730 - [INFO] - HTTP Request: POST https://api.openai.com/v1/chat/completions "HTTP/1.1 200 OK"
2026-01-04 21:15:04,733 - [INFO] - Generated answer length: 3226
2026-01-04 21:15:04,734 - [INFO] - Citation check: target=[6] cited=False | All citations: [1, 2, 3, 4]
2026-01-04 21:15:05,600 - [INFO] - HTTP Request: POST https://api.openai.com/v1/chat/completions "HTTP/1.1 200 OK"
2026-01-04 21:15:05,604 - [INFO] - Query: best books on corporate governance for aspiring ma... | Competitors: 5 (full content, lengths: [14132, 24961, 7681]...) | Target idx: [6]
2026-01-04 21:15:05,632 - [INFO] - Generated answer length: 1616
2026-01-04 21:15:05,632 - [INFO] - Citation check: target=[6] cited=False | All citations: [1, 2, 3, 4, 5]
2026-01-04 21:15:06,072 - [INFO] - Query: best oversight software for small businesses... | Competitors: 5 (full content, lengths: [30476, 16249, 17049]...) | Target idx: [6]
2026-01-04 21:15:08,642 - [INFO] - HTTP Request: POST https://api.openai.com/v1/chat/completions "HTTP/1.1 200 OK"
2026-01-04 21:15:08,644 - [INFO] - Generated answer length: 1679
2026-01-04 21:15:08,644 - [INFO] - Citation check: target=[6] cited=True | All citations: [1, 2, 3, 4, 6]
2026-01-04 21:15:09,160 - [INFO] - Query: difference between governance and management in bu... | Competitors: 5 (full content, lengths: [3881, 46706, 38842]...) | Target idx: [6]
2026-01-04 21:15:10,337 - [INFO] - HTTP Request: POST https://api.openai.com/v1/chat/completions "HTTP/1.1 200 OK"
2026-01-04 21:15:10,339 - [INFO] - Generated answer length: 5188
2026-01-04 21:15:10,339 - [INFO] - Citation check: target=[6] cited=True | All citations: [1, 2, 3, 4, 5, 6]
2026-01-04 21:15:12,238 - [ERROR] - Failed to fetch HTML for 7f172fef6e409f91061edb0ef937252c: ('Connection aborted.', ConnectionResetError(54, 'Connection reset by peer'))
2026-01-04 21:15:12,238 - [ERROR] - Error fetching full content for 7f172fef6e409f91061edb0ef937252c: Empty HTML content for 7f172fef6e409f91061edb0ef937252c.
Random seed set to: 42

=== Baseline Evaluation ===
Traceback (most recent call last):
  File "/Users/erv1n/autoGEO_reproduce/Async_pipeline/Async_geo/async_agent.py", line 260, in _get_competitor_full_content
    raise RuntimeError(f"Empty HTML content for {doc.uuid}.")
RuntimeError: Empty HTML content for 7f172fef6e409f91061edb0ef937252c.

The above exception was the direct cause of the following exception:

Traceback (most recent call last):
  File "/Users/erv1n/autoGEO_reproduce/Async_pipeline/Async_geo/main.py", line 374, in <module>
    main()
  File "/Users/erv1n/autoGEO_reproduce/Async_pipeline/Async_geo/main.py", line 370, in main
    asyncio.run(run_async())
  File "/Library/Frameworks/Python.framework/Versions/3.12/lib/python3.12/asyncio/runners.py", line 194, in run
    return runner.run(main)
           ^^^^^^^^^^^^^^^^
  File "/Library/Frameworks/Python.framework/Versions/3.12/lib/python3.12/asyncio/runners.py", line 118, in run
    return self._loop.run_until_complete(task)
           ^^^^^^^^^^^^^^^^^^^^^^^^^^^^^^^^^^^
  File "/Library/Frameworks/Python.framework/Versions/3.12/lib/python3.12/asyncio/base_events.py", line 687, in run_until_complete
    return future.result()
           ^^^^^^^^^^^^^^^
  File "/Users/erv1n/autoGEO_reproduce/Async_pipeline/Async_geo/main.py", line 277, in run_async
    baseline_result = await agent.evaluate_page_async(
                      ^^^^^^^^^^^^^^^^^^^^^^^^^^^^^^^^
  File "/Users/erv1n/autoGEO_reproduce/Async_pipeline/Async_geo/async_agent.py", line 646, in evaluate_page_async
    query, cited = await coro
                   ^^^^^^^^^^
  File "/Library/Frameworks/Python.framework/Versions/3.12/lib/python3.12/asyncio/tasks.py", line 631, in _wait_for_one
    return f.result()  # May raise f.exception().
           ^^^^^^^^^^
  File "/Users/erv1n/autoGEO_reproduce/Async_pipeline/Async_geo/async_agent.py", line 638, in evaluate_one
    competitor_contents = await self._get_all_competitor_contents(retrieved_docs)
                          ^^^^^^^^^^^^^^^^^^^^^^^^^^^^^^^^^^^^^^^^^^^^^^^^^^^^^^^
  File "/Users/erv1n/autoGEO_reproduce/Async_pipeline/Async_geo/async_agent.py", line 273, in _get_all_competitor_contents
    return await asyncio.gather(*tasks)
           ^^^^^^^^^^^^^^^^^^^^^^^^^^^^
  File "/Users/erv1n/autoGEO_reproduce/Async_pipeline/Async_geo/async_agent.py", line 266, in _get_competitor_full_content
    raise RuntimeError(f"Error fetching full content for {doc.uuid}.") from e
RuntimeError: Error fetching full content for 7f172fef6e409f91061edb0ef937252c.
